  x { ssr: false } is not allowed in Server Components. Use { ssr: true } instead.
   ,-[input.js:4:1]
 3 | export default function () {
 4 |   return dynamic(() => import('client-only'), { ssr: false })
   :          ^^^^^^^^^^^^^^^^^^^^^^^^^^^^^^^^^^^^^^^^^^^^^^^^^^^^
 5 | }
   `----
